// Jest Snapshot v1, https://goo.gl/fbAQLP

exports[`should render DetailPage correctly 1`] = `ShallowWrapper {}`;
