// Jest Snapshot v1, https://goo.gl/fbAQLP

exports[`should render EditPage correctly 1`] = `ShallowWrapper {}`;
