// Jest Snapshot v1, https://goo.gl/fbAQLP

exports[`should render PageNotFound correctly 1`] = `ShallowWrapper {}`;
